<?xml version="1.0" encoding="UTF-8"?>
<TestRun id="ae7cca4b-d400-416f-bd57-3a8e3ca25adc" name="Martin@MARTIN-PC 2011-02-28 23:43:57" runUser="Martin-PC\Martin" xmlns="http://microsoft.com/schemas/VisualStudio/TeamTest/2010">
  <TestSettings name="Local" id="a4c19e21-2cef-41ce-8329-a38c2e9f4673">
    <Description>These are default test settings for a local test run.</Description>
    <Deployment enabled="false" runDeploymentRoot="Martin_MARTIN-PC 2011-02-28 23_43_57">
      <DeploymentItem filename="C:\Users\Martin\Documents\Visual Studio 2010\Projects\GeometrySharp\GeometrySharp\bin\x86\Debug\GeometrySharp.dll" />
    </Deployment>
    <Execution>
      <TestTypeSpecific />
      <AgentRule name="Execution Agents">
      </AgentRule>
    </Execution>
  </TestSettings>
  <Times creation="2011-02-28T23:43:57.6683194+00:00" queuing="2011-02-28T23:44:03.3446441+00:00" start="2011-02-28T23:44:04.0316834+00:00" finish="2011-02-28T23:44:04.0936870+00:00" />
  <ResultSummary outcome="NotRunnable">
    <Counters total="1" error="0" failed="0" timeout="0" aborted="0" inconclusive="0" passedButRunAborted="0" notRunnable="1" notExecuted="0" disconnected="0" warning="0" passed="0" completed="0" inProgress="0" pending="0" />
  </ResultSummary>
  <TestDefinitions>
    <UnitTest name="ConstructTriangle" storage="c:\users\martin\documents\visual studio 2010\projects\geometrysharp\geometrysharpunittests\bin\debug\geometrysharpunittests.dll" id="73321675-385c-e5aa-82ef-31cb5dca3fe1">
      <Execution id="3772c8ad-aa07-44bb-a000-cf7253edbdd2" />
      <TestMethod codeBase="C:/Users/Martin/Documents/Visual Studio 2010/Projects/GeometrySharp/GeometrySharpUnitTests/bin/Debug/GeometrySharpUnitTests.DLL" adapterTypeName="Microsoft.VisualStudio.TestTools.TestTypes.Unit.UnitTestAdapter, Microsoft.VisualStudio.QualityTools.Tips.UnitTest.Adapter, Version=10.0.0.0, Culture=neutral, PublicKeyToken=b03f5f7f11d50a3a" className="GeometrySharpUnitTests.PrimitiveShapes, GeometrySharpUnitTests, Version=1.0.0.0, Culture=neutral, PublicKeyToken=null" name="ConstructTriangle" />
    </UnitTest>
  </TestDefinitions>
  <TestLists>
    <TestList name="Results Not in a List" id="8c84fa94-04c1-424b-9868-57a2d4851a1d" />
    <TestList name="All Loaded Results" id="19431567-8539-422a-85d7-44ee4e166bda" />
  </TestLists>
  <TestEntries>
    <TestEntry testId="73321675-385c-e5aa-82ef-31cb5dca3fe1" executionId="3772c8ad-aa07-44bb-a000-cf7253edbdd2" testListId="8c84fa94-04c1-424b-9868-57a2d4851a1d" />
  </TestEntries>
  <Results>
    <UnitTestResult executionId="3772c8ad-aa07-44bb-a000-cf7253edbdd2" testId="73321675-385c-e5aa-82ef-31cb5dca3fe1" testName="ConstructTriangle" computerName="MARTIN-PC" testType="13cdc9d9-ddb5-4fa4-a97d-d965ccfc6d4b" outcome="NotRunnable" testListId="8c84fa94-04c1-424b-9868-57a2d4851a1d" relativeResultsDirectory="3772c8ad-aa07-44bb-a000-cf7253edbdd2">
      <Output>
        <ErrorInfo>
          <Message>UTA007: Method ConstructTriangle defined in class GeometrySharpUnitTests.PrimitiveShapes does not have correct signature. Test method marked with the [TestMethod] attribute must be non-static, public, does not return a value and should not take any parameter. for example: public void Test.Class1.Test().</Message>
        </ErrorInfo>
      </Output>
    </UnitTestResult>
  </Results>
</TestRun>